<?xml version="1.0" encoding="UTF-8"?>
<TestRun id="05fae2ce-799c-48f4-ba01-d1b17c24ca1a" name="SEEMULLERJ_INFO@CFPTCFP-PV41DQ2 2017-05-05 09:19:05" runUser="CFPTCFP-PV41DQ2\SEEMULLERJ_INFO" xmlns="http://microsoft.com/schemas/VisualStudio/TeamTest/2010">
  <Times creation="2017-05-05T09:19:05.8093524+02:00" queuing="2017-05-05T09:19:05.8093524+02:00" start="2017-05-05T09:19:05.8133526+02:00" finish="2017-05-05T09:19:05.8943573+02:00" />
  <TestSettings name="default" id="8dcd6d41-65dc-4f53-9203-e54b7d3244d5">
    <Execution>
      <TestTypeSpecific />
    </Execution>
    <Deployment runDeploymentRoot="SEEMULLERJ_INFO_CFPTCFP-PV41DQ2 2017-05-05 09_19_05" />
    <Properties />
  </TestSettings>
  <Results>
    <UnitTestResult executionId="98ce0e74-6f3a-47c8-86bd-194a93aa34e8" testId="df090eae-9e5d-04d5-dec5-71e896e297d8" testName="DesignatedConstructorTest" computerName="CFPTCFP-PV41DQ2" duration="00:00:00.0092386" startTime="2017-05-05T09:19:05.7093467+02:00" endTime="2017-05-05T09:19:05.7413485+02:00" testType="13cdc9d9-ddb5-4fa4-a97d-d965ccfc6d4b" outcome="Passed" testListId="8c84fa94-04c1-424b-9868-57a2d4851a1d" relativeResultsDirectory="98ce0e74-6f3a-47c8-86bd-194a93aa34e8" />
    <UnitTestResult executionId="c1ae2649-dee3-49f3-ad3d-c4550687e11b" testId="6c285e1f-012b-346b-9c9f-5a1a2522192f" testName="ConvenianceConstructorTest" computerName="CFPTCFP-PV41DQ2" duration="00:00:00.0001753" startTime="2017-05-05T09:19:05.7503490+02:00" endTime="2017-05-05T09:19:05.7503490+02:00" testType="13cdc9d9-ddb5-4fa4-a97d-d965ccfc6d4b" outcome="Passed" testListId="8c84fa94-04c1-424b-9868-57a2d4851a1d" relativeResultsDirectory="c1ae2649-dee3-49f3-ad3d-c4550687e11b" />
    <UnitTestResult executionId="42b2ad94-59a8-4d8a-8d76-49645995bbd6" testId="925ee2e8-6c08-0b1e-d301-e6cbc19c2d23" testName="onClickTest" computerName="CFPTCFP-PV41DQ2" duration="00:00:00.0024636" startTime="2017-05-05T09:19:05.7513491+02:00" endTime="2017-05-05T09:19:05.7533492+02:00" testType="13cdc9d9-ddb5-4fa4-a97d-d965ccfc6d4b" outcome="Passed" testListId="8c84fa94-04c1-424b-9868-57a2d4851a1d" relativeResultsDirectory="42b2ad94-59a8-4d8a-8d76-49645995bbd6" />
    <UnitTestResult executionId="ad52cc12-0483-416f-a72c-2b96f70f2ce5" testId="869b4d5f-87a7-8d15-89a8-7dda664862d3" testName="ImplicitConversionTest" computerName="CFPTCFP-PV41DQ2" duration="00:00:00.0001942" startTime="2017-05-05T09:19:05.7533492+02:00" endTime="2017-05-05T09:19:05.7533492+02:00" testType="13cdc9d9-ddb5-4fa4-a97d-d965ccfc6d4b" outcome="Passed" testListId="8c84fa94-04c1-424b-9868-57a2d4851a1d" relativeResultsDirectory="ad52cc12-0483-416f-a72c-2b96f70f2ce5" />
    <UnitTestResult executionId="32bf91a6-3b4e-4982-bfe1-2653ead36500" testId="22505af1-dd45-a49f-bfe7-80e8e8909aff" testName="AddStrategiesTest" computerName="CFPTCFP-PV41DQ2" duration="00:00:00.0188054" startTime="2017-05-05T09:19:05.7533492+02:00" endTime="2017-05-05T09:19:05.7723503+02:00" testType="13cdc9d9-ddb5-4fa4-a97d-d965ccfc6d4b" outcome="Passed" testListId="8c84fa94-04c1-424b-9868-57a2d4851a1d" relativeResultsDirectory="32bf91a6-3b4e-4982-bfe1-2653ead36500" />
    <UnitTestResult executionId="20aa5cf5-8e5a-4e94-adbd-9cf6956c5095" testId="12bb16a3-ab34-b1bc-5f40-28311aba3e3c" testName="ToStringTest" computerName="CFPTCFP-PV41DQ2" duration="00:00:00.0004259" startTime="2017-05-05T09:19:05.7723503+02:00" endTime="2017-05-05T09:19:05.7733503+02:00" testType="13cdc9d9-ddb5-4fa4-a97d-d965ccfc6d4b" outcome="Passed" testListId="8c84fa94-04c1-424b-9868-57a2d4851a1d" relativeResultsDirectory="20aa5cf5-8e5a-4e94-adbd-9cf6956c5095" />
    <UnitTestResult executionId="9807bce1-d12f-408d-b979-52fab2bb73fc" testId="f5802a2e-04d4-f1f5-acfe-2092a218c439" testName="CompareToTest" computerName="CFPTCFP-PV41DQ2" duration="00:00:00.0004124" startTime="2017-05-05T09:19:05.7733503+02:00" endTime="2017-05-05T09:19:05.7743504+02:00" testType="13cdc9d9-ddb5-4fa4-a97d-d965ccfc6d4b" outcome="Passed" testListId="8c84fa94-04c1-424b-9868-57a2d4851a1d" relativeResultsDirectory="9807bce1-d12f-408d-b979-52fab2bb73fc" />
    <UnitTestResult executionId="bff76698-b7ae-4f8f-844a-cd041697f5ee" testId="cb2578cd-7702-98c8-5b80-bbf50b5bfeee" testName="ToHexTest" computerName="CFPTCFP-PV41DQ2" duration="00:00:00.0002878" startTime="2017-05-05T09:19:05.7743504+02:00" endTime="2017-05-05T09:19:05.7743504+02:00" testType="13cdc9d9-ddb5-4fa4-a97d-d965ccfc6d4b" outcome="Passed" testListId="8c84fa94-04c1-424b-9868-57a2d4851a1d" relativeResultsDirectory="bff76698-b7ae-4f8f-844a-cd041697f5ee" />
    <UnitTestResult executionId="885222d0-b051-4a2b-9f92-fd42fc3613ae" testId="e83b4fa6-9ff3-b307-6b34-de3cc6cdbcd4" testName="ToHexTransparentTest" computerName="CFPTCFP-PV41DQ2" duration="00:00:00.0002800" startTime="2017-05-05T09:19:05.7743504+02:00" endTime="2017-05-05T09:19:05.7753504+02:00" testType="13cdc9d9-ddb5-4fa4-a97d-d965ccfc6d4b" outcome="Passed" testListId="8c84fa94-04c1-424b-9868-57a2d4851a1d" relativeResultsDirectory="885222d0-b051-4a2b-9f92-fd42fc3613ae" />
    <UnitTestResult executionId="927486c4-3bf7-42c0-a0a7-f05edb9b8622" testId="9dcfac65-db83-3c3b-1ad4-b2bda5833892" testName="ToRGBTest" computerName="CFPTCFP-PV41DQ2" duration="00:00:00.0004100" startTime="2017-05-05T09:19:05.7793507+02:00" endTime="2017-05-05T09:19:05.7803507+02:00" testType="13cdc9d9-ddb5-4fa4-a97d-d965ccfc6d4b" outcome="Passed" testListId="8c84fa94-04c1-424b-9868-57a2d4851a1d" relativeResultsDirectory="927486c4-3bf7-42c0-a0a7-f05edb9b8622" />
    <UnitTestResult executionId="2be3f232-f147-4a2d-8190-db2f603095d2" testId="0e66901a-9ea6-c526-fedf-2657d429896d" testName="DesignatedConstructorTest" computerName="CFPTCFP-PV41DQ2" duration="00:00:00.0019260" startTime="2017-05-05T09:19:05.7803507+02:00" endTime="2017-05-05T09:19:05.7823508+02:00" testType="13cdc9d9-ddb5-4fa4-a97d-d965ccfc6d4b" outcome="Passed" testListId="8c84fa94-04c1-424b-9868-57a2d4851a1d" relativeResultsDirectory="2be3f232-f147-4a2d-8190-db2f603095d2" />
    <UnitTestResult executionId="f6625739-2f90-46eb-b19f-1f061a801f94" testId="47093434-7773-7204-893e-9fcd737bceea" testName="getPointClampedInGridTest" computerName="CFPTCFP-PV41DQ2" duration="00:00:00.0003422" startTime="2017-05-05T09:19:05.7823508+02:00" endTime="2017-05-05T09:19:05.7833509+02:00" testType="13cdc9d9-ddb5-4fa4-a97d-d965ccfc6d4b" outcome="Passed" testListId="8c84fa94-04c1-424b-9868-57a2d4851a1d" relativeResultsDirectory="f6625739-2f90-46eb-b19f-1f061a801f94" />
    <UnitTestResult executionId="59a2069e-94ed-4b44-81d7-3a7e712ce60d" testId="597ac1b7-2492-a36e-2ba5-049fefde28a0" testName="getCellTest" computerName="CFPTCFP-PV41DQ2" duration="00:00:00.0003659" startTime="2017-05-05T09:19:05.7833509+02:00" endTime="2017-05-05T09:19:05.7833509+02:00" testType="13cdc9d9-ddb5-4fa4-a97d-d965ccfc6d4b" outcome="Passed" testListId="8c84fa94-04c1-424b-9868-57a2d4851a1d" relativeResultsDirectory="59a2069e-94ed-4b44-81d7-3a7e712ce60d" />
    <UnitTestResult executionId="1b2bbd53-255f-4606-92c8-8c95ec055778" testId="35aeb0a3-1d7e-a0a1-0004-9ab598c1f1a1" testName="findCellNeighborsTest" computerName="CFPTCFP-PV41DQ2" duration="00:00:00.0005940" startTime="2017-05-05T09:19:05.7833509+02:00" endTime="2017-05-05T09:19:05.7843510+02:00" testType="13cdc9d9-ddb5-4fa4-a97d-d965ccfc6d4b" outcome="Passed" testListId="8c84fa94-04c1-424b-9868-57a2d4851a1d" relativeResultsDirectory="1b2bbd53-255f-4606-92c8-8c95ec055778" />
    <UnitTestResult executionId="ae0e8195-0a1d-46df-a140-016b324d07de" testId="2cf2ae5b-9053-0fed-9e16-8387720eeb93" testName="DesignatedConstructorTest" computerName="CFPTCFP-PV41DQ2" duration="00:00:00.0003320" startTime="2017-05-05T09:19:05.7843510+02:00" endTime="2017-05-05T09:19:05.7843510+02:00" testType="13cdc9d9-ddb5-4fa4-a97d-d965ccfc6d4b" outcome="Passed" testListId="8c84fa94-04c1-424b-9868-57a2d4851a1d" relativeResultsDirectory="ae0e8195-0a1d-46df-a140-016b324d07de" />
    <UnitTestResult executionId="1cde6bd0-29fc-44a3-ab43-18790a42710a" testId="9b48b709-bf92-cd89-73d6-ceb5d87abaa8" testName="returnPayoffTest" computerName="CFPTCFP-PV41DQ2" duration="00:00:00.0002887" startTime="2017-05-05T09:19:05.7843510+02:00" endTime="2017-05-05T09:19:05.7853510+02:00" testType="13cdc9d9-ddb5-4fa4-a97d-d965ccfc6d4b" outcome="Passed" testListId="8c84fa94-04c1-424b-9868-57a2d4851a1d" relativeResultsDirectory="1cde6bd0-29fc-44a3-ab43-18790a42710a" />
    <UnitTestResult executionId="0e37096c-75c3-4ee7-8d97-7691de8b08e0" testId="1ba16a26-5bc1-3fb3-3b9c-390b24dc3156" testName="isValidStaticTest" computerName="CFPTCFP-PV41DQ2" duration="00:00:00.0007546" startTime="2017-05-05T09:19:05.7853510+02:00" endTime="2017-05-05T09:19:05.7853510+02:00" testType="13cdc9d9-ddb5-4fa4-a97d-d965ccfc6d4b" outcome="Passed" testListId="8c84fa94-04c1-424b-9868-57a2d4851a1d" relativeResultsDirectory="0e37096c-75c3-4ee7-8d97-7691de8b08e0" />
    <UnitTestResult executionId="fa0554cd-297e-479f-9c89-defbdbdbf687" testId="a2a7232e-d6c5-96cc-b224-c7e3bbe88f2d" testName="isValidConvenianceTest" computerName="CFPTCFP-PV41DQ2" duration="00:00:00.0002266" startTime="2017-05-05T09:19:05.7853510+02:00" endTime="2017-05-05T09:19:05.7863511+02:00" testType="13cdc9d9-ddb5-4fa4-a97d-d965ccfc6d4b" outcome="Passed" testListId="8c84fa94-04c1-424b-9868-57a2d4851a1d" relativeResultsDirectory="fa0554cd-297e-479f-9c89-defbdbdbf687" />
    <UnitTestResult executionId="c00f519d-6e1c-4156-aad5-e9c650e711ef" testId="7977ea2e-0351-f532-d1f1-40b01327fe54" testName="chooseMoveTest" computerName="CFPTCFP-PV41DQ2" duration="00:00:00.0043890" startTime="2017-05-05T09:19:05.7863511+02:00" endTime="2017-05-05T09:19:05.7903513+02:00" testType="13cdc9d9-ddb5-4fa4-a97d-d965ccfc6d4b" outcome="Passed" testListId="8c84fa94-04c1-424b-9868-57a2d4851a1d" relativeResultsDirectory="c00f519d-6e1c-4156-aad5-e9c650e711ef" />
    <UnitTestResult executionId="8c5bdd56-e375-4adc-a2ba-c791d5dc6930" testId="fbf0eafc-0cbf-4bf8-1528-f83711ec3f18" testName="chooseMoveTest" computerName="CFPTCFP-PV41DQ2" duration="00:00:00.0004947" startTime="2017-05-05T09:19:05.7903513+02:00" endTime="2017-05-05T09:19:05.7913514+02:00" testType="13cdc9d9-ddb5-4fa4-a97d-d965ccfc6d4b" outcome="Passed" testListId="8c84fa94-04c1-424b-9868-57a2d4851a1d" relativeResultsDirectory="8c5bdd56-e375-4adc-a2ba-c791d5dc6930" />
    <UnitTestResult executionId="3010c50e-f654-4c03-8d83-33fb2f6fa6b6" testId="07d88514-a16e-4bd7-0341-c39d745a6b3d" testName="chooseMoveTest" computerName="CFPTCFP-PV41DQ2" duration="00:00:00.0010023" startTime="2017-05-05T09:19:05.7913514+02:00" endTime="2017-05-05T09:19:05.7923514+02:00" testType="13cdc9d9-ddb5-4fa4-a97d-d965ccfc6d4b" outcome="Passed" testListId="8c84fa94-04c1-424b-9868-57a2d4851a1d" relativeResultsDirectory="3010c50e-f654-4c03-8d83-33fb2f6fa6b6" />
    <UnitTestResult executionId="a9278c6d-49cd-41d4-8a9a-5f8508f06a8b" testId="d7abf1bb-9d54-0c92-59d2-f1ee5f850406" testName="chooseMoveTest" computerName="CFPTCFP-PV41DQ2" duration="00:00:00.0012845" startTime="2017-05-05T09:19:05.7923514+02:00" endTime="2017-05-05T09:19:05.7943515+02:00" testType="13cdc9d9-ddb5-4fa4-a97d-d965ccfc6d4b" outcome="Passed" testListId="8c84fa94-04c1-424b-9868-57a2d4851a1d" relativeResultsDirectory="a9278c6d-49cd-41d4-8a9a-5f8508f06a8b" />
    <UnitTestResult executionId="228125c7-931a-434d-acd4-08d070821ff5" testId="551f0303-a5d3-44e2-c92d-74d131403155" testName="chooseMoveTest" computerName="CFPTCFP-PV41DQ2" duration="00:00:00.0003971" startTime="2017-05-05T09:19:05.7943515+02:00" endTime="2017-05-05T09:19:05.7943515+02:00" testType="13cdc9d9-ddb5-4fa4-a97d-d965ccfc6d4b" outcome="Passed" testListId="8c84fa94-04c1-424b-9868-57a2d4851a1d" relativeResultsDirectory="228125c7-931a-434d-acd4-08d070821ff5" />
    <UnitTestResult executionId="c8b1f732-9f78-451a-aac3-5aefc37fb8cf" testId="62e723a9-3054-a7d7-b863-2aa8fea91d02" testName="chooseMoveTest" computerName="CFPTCFP-PV41DQ2" duration="00:00:00.0016006" startTime="2017-05-05T09:19:05.7943515+02:00" endTime="2017-05-05T09:19:05.7963516+02:00" testType="13cdc9d9-ddb5-4fa4-a97d-d965ccfc6d4b" outcome="Passed" testListId="8c84fa94-04c1-424b-9868-57a2d4851a1d" relativeResultsDirectory="c8b1f732-9f78-451a-aac3-5aefc37fb8cf" />
    <UnitTestResult executionId="08f1bfcc-968c-492b-9030-92d709d084b2" testId="5bb6ce96-1b35-99bc-fd3d-a5d890a14b42" testName="chooseMoveTest" computerName="CFPTCFP-PV41DQ2" duration="00:00:00.0012782" startTime="2017-05-05T09:19:05.7963516+02:00" endTime="2017-05-05T09:19:05.7983518+02:00" testType="13cdc9d9-ddb5-4fa4-a97d-d965ccfc6d4b" outcome="Passed" testListId="8c84fa94-04c1-424b-9868-57a2d4851a1d" relativeResultsDirectory="08f1bfcc-968c-492b-9030-92d709d084b2" />
    <UnitTestResult executionId="dbf4c548-a190-4aae-9e58-919ba1e625ef" testId="a8ba2359-6f8c-71c9-2264-a7a9d98284bc" testName="chooseMoveTest" computerName="CFPTCFP-PV41DQ2" duration="00:00:00.0011284" startTime="2017-05-05T09:19:05.7983518+02:00" endTime="2017-05-05T09:19:05.7993518+02:00" testType="13cdc9d9-ddb5-4fa4-a97d-d965ccfc6d4b" outcome="Passed" testListId="8c84fa94-04c1-424b-9868-57a2d4851a1d" relativeResultsDirectory="dbf4c548-a190-4aae-9e58-919ba1e625ef" />
  </Results>
  <TestDefinitions>
    <UnitTest name="DesignatedConstructorTest" storage="c:\users\seemullerj_info\desktop\diplome_es_2017\dev\prisonersdilemmaca\prisonersdilemmacatests\bin\debug\prisonersdilemmacatests.dll" id="df090eae-9e5d-04d5-dec5-71e896e297d8">
      <Execution id="98ce0e74-6f3a-47c8-86bd-194a93aa34e8" />
      <TestMethod codeBase="C:\Users\SEEMULLERJ_INFO\Desktop\DIPLOME_ES_2017\dev\PrisonersDilemmaCA\PrisonersDilemmaCATests\bin\Debug\PrisonersDilemmaCATests.dll" adapterTypeName="Microsoft.VisualStudio.TestTools.TestTypes.Unit.UnitTestAdapter" className="PrisonersDilemmaCA.Tests.CellTests" name="DesignatedConstructorTest" />
    </UnitTest>
    <UnitTest name="ConvenianceConstructorTest" storage="c:\users\seemullerj_info\desktop\diplome_es_2017\dev\prisonersdilemmaca\prisonersdilemmacatests\bin\debug\prisonersdilemmacatests.dll" id="6c285e1f-012b-346b-9c9f-5a1a2522192f">
      <Execution id="c1ae2649-dee3-49f3-ad3d-c4550687e11b" />
      <TestMethod codeBase="C:\Users\SEEMULLERJ_INFO\Desktop\DIPLOME_ES_2017\dev\PrisonersDilemmaCA\PrisonersDilemmaCATests\bin\Debug\PrisonersDilemmaCATests.dll" adapterTypeName="Microsoft.VisualStudio.TestTools.TestTypes.Unit.UnitTestAdapter" className="PrisonersDilemmaCA.Tests.CellTests" name="ConvenianceConstructorTest" />
    </UnitTest>
    <UnitTest name="onClickTest" storage="c:\users\seemullerj_info\desktop\diplome_es_2017\dev\prisonersdilemmaca\prisonersdilemmacatests\bin\debug\prisonersdilemmacatests.dll" id="925ee2e8-6c08-0b1e-d301-e6cbc19c2d23">
      <Execution id="42b2ad94-59a8-4d8a-8d76-49645995bbd6" />
      <TestMethod codeBase="C:\Users\SEEMULLERJ_INFO\Desktop\DIPLOME_ES_2017\dev\PrisonersDilemmaCA\PrisonersDilemmaCATests\bin\Debug\PrisonersDilemmaCATests.dll" adapterTypeName="Microsoft.VisualStudio.TestTools.TestTypes.Unit.UnitTestAdapter" className="PrisonersDilemmaCA.Tests.CellTests" name="onClickTest" />
    </UnitTest>
    <UnitTest name="ImplicitConversionTest" storage="c:\users\seemullerj_info\desktop\diplome_es_2017\dev\prisonersdilemmaca\prisonersdilemmacatests\bin\debug\prisonersdilemmacatests.dll" id="869b4d5f-87a7-8d15-89a8-7dda664862d3">
      <Execution id="ad52cc12-0483-416f-a72c-2b96f70f2ce5" />
      <TestMethod codeBase="C:\Users\SEEMULLERJ_INFO\Desktop\DIPLOME_ES_2017\dev\PrisonersDilemmaCA\PrisonersDilemmaCATests\bin\Debug\PrisonersDilemmaCATests.dll" adapterTypeName="Microsoft.VisualStudio.TestTools.TestTypes.Unit.UnitTestAdapter" className="PrisonersDilemmaCA.Tests.CellTests" name="ImplicitConversionTest" />
    </UnitTest>
    <UnitTest name="AddStrategiesTest" storage="c:\users\seemullerj_info\desktop\diplome_es_2017\dev\prisonersdilemmaca\prisonersdilemmacatests\bin\debug\prisonersdilemmacatests.dll" id="22505af1-dd45-a49f-bfe7-80e8e8909aff">
      <Execution id="32bf91a6-3b4e-4982-bfe1-2653ead36500" />
      <TestMethod codeBase="C:\Users\SEEMULLERJ_INFO\Desktop\DIPLOME_ES_2017\dev\PrisonersDilemmaCA\PrisonersDilemmaCATests\bin\Debug\PrisonersDilemmaCATests.dll" adapterTypeName="Microsoft.VisualStudio.TestTools.TestTypes.Unit.UnitTestAdapter" className="PrisonersDilemmaCA.Tests.ComboBoxExtensionsTests" name="AddStrategiesTest" />
    </UnitTest>
    <UnitTest name="ToStringTest" storage="c:\users\seemullerj_info\desktop\diplome_es_2017\dev\prisonersdilemmaca\prisonersdilemmacatests\bin\debug\prisonersdilemmacatests.dll" id="12bb16a3-ab34-b1bc-5f40-28311aba3e3c">
      <Execution id="20aa5cf5-8e5a-4e94-adbd-9cf6956c5095" />
      <TestMethod codeBase="C:\Users\SEEMULLERJ_INFO\Desktop\DIPLOME_ES_2017\dev\PrisonersDilemmaCA\PrisonersDilemmaCATests\bin\Debug\PrisonersDilemmaCATests.dll" adapterTypeName="Microsoft.VisualStudio.TestTools.TestTypes.Unit.UnitTestAdapter" className="PrisonersDilemmaCA.Tests.StrategyTests" name="ToStringTest" />
    </UnitTest>
    <UnitTest name="CompareToTest" storage="c:\users\seemullerj_info\desktop\diplome_es_2017\dev\prisonersdilemmaca\prisonersdilemmacatests\bin\debug\prisonersdilemmacatests.dll" id="f5802a2e-04d4-f1f5-acfe-2092a218c439">
      <Execution id="9807bce1-d12f-408d-b979-52fab2bb73fc" />
      <TestMethod codeBase="C:\Users\SEEMULLERJ_INFO\Desktop\DIPLOME_ES_2017\dev\PrisonersDilemmaCA\PrisonersDilemmaCATests\bin\Debug\PrisonersDilemmaCATests.dll" adapterTypeName="Microsoft.VisualStudio.TestTools.TestTypes.Unit.UnitTestAdapter" className="PrisonersDilemmaCA.Tests.StrategyTests" name="CompareToTest" />
    </UnitTest>
    <UnitTest name="ToHexTest" storage="c:\users\seemullerj_info\desktop\diplome_es_2017\dev\prisonersdilemmaca\prisonersdilemmacatests\bin\debug\prisonersdilemmacatests.dll" id="cb2578cd-7702-98c8-5b80-bbf50b5bfeee">
      <Execution id="bff76698-b7ae-4f8f-844a-cd041697f5ee" />
      <TestMethod codeBase="C:\Users\SEEMULLERJ_INFO\Desktop\DIPLOME_ES_2017\dev\PrisonersDilemmaCA\PrisonersDilemmaCATests\bin\Debug\PrisonersDilemmaCATests.dll" adapterTypeName="Microsoft.VisualStudio.TestTools.TestTypes.Unit.UnitTestAdapter" className="PrisonersDilemmaCA.Tests.ColorExtensionsTests" name="ToHexTest" />
    </UnitTest>
    <UnitTest name="ToHexTransparentTest" storage="c:\users\seemullerj_info\desktop\diplome_es_2017\dev\prisonersdilemmaca\prisonersdilemmacatests\bin\debug\prisonersdilemmacatests.dll" id="e83b4fa6-9ff3-b307-6b34-de3cc6cdbcd4">
      <Execution id="885222d0-b051-4a2b-9f92-fd42fc3613ae" />
      <TestMethod codeBase="C:\Users\SEEMULLERJ_INFO\Desktop\DIPLOME_ES_2017\dev\PrisonersDilemmaCA\PrisonersDilemmaCATests\bin\Debug\PrisonersDilemmaCATests.dll" adapterTypeName="Microsoft.VisualStudio.TestTools.TestTypes.Unit.UnitTestAdapter" className="PrisonersDilemmaCA.Tests.ColorExtensionsTests" name="ToHexTransparentTest" />
    </UnitTest>
    <UnitTest name="ToRGBTest" storage="c:\users\seemullerj_info\desktop\diplome_es_2017\dev\prisonersdilemmaca\prisonersdilemmacatests\bin\debug\prisonersdilemmacatests.dll" id="9dcfac65-db83-3c3b-1ad4-b2bda5833892">
      <Execution id="927486c4-3bf7-42c0-a0a7-f05edb9b8622" />
      <TestMethod codeBase="C:\Users\SEEMULLERJ_INFO\Desktop\DIPLOME_ES_2017\dev\PrisonersDilemmaCA\PrisonersDilemmaCATests\bin\Debug\PrisonersDilemmaCATests.dll" adapterTypeName="Microsoft.VisualStudio.TestTools.TestTypes.Unit.UnitTestAdapter" className="PrisonersDilemmaCA.Tests.ColorExtensionsTests" name="ToRGBTest" />
    </UnitTest>
    <UnitTest name="DesignatedConstructorTest" storage="c:\users\seemullerj_info\desktop\diplome_es_2017\dev\prisonersdilemmaca\prisonersdilemmacatests\bin\debug\prisonersdilemmacatests.dll" id="0e66901a-9ea6-c526-fedf-2657d429896d">
      <Execution id="2be3f232-f147-4a2d-8190-db2f603095d2" />
      <TestMethod codeBase="C:\Users\SEEMULLERJ_INFO\Desktop\DIPLOME_ES_2017\dev\PrisonersDilemmaCA\PrisonersDilemmaCATests\bin\Debug\PrisonersDilemmaCATests.dll" adapterTypeName="Microsoft.VisualStudio.TestTools.TestTypes.Unit.UnitTestAdapter" className="PrisonersDilemmaCA.Tests.GridTests" name="DesignatedConstructorTest" />
    </UnitTest>
    <UnitTest name="getPointClampedInGridTest" storage="c:\users\seemullerj_info\desktop\diplome_es_2017\dev\prisonersdilemmaca\prisonersdilemmacatests\bin\debug\prisonersdilemmacatests.dll" id="47093434-7773-7204-893e-9fcd737bceea">
      <Execution id="f6625739-2f90-46eb-b19f-1f061a801f94" />
      <TestMethod codeBase="C:\Users\SEEMULLERJ_INFO\Desktop\DIPLOME_ES_2017\dev\PrisonersDilemmaCA\PrisonersDilemmaCATests\bin\Debug\PrisonersDilemmaCATests.dll" adapterTypeName="Microsoft.VisualStudio.TestTools.TestTypes.Unit.UnitTestAdapter" className="PrisonersDilemmaCA.Tests.GridTests" name="getPointClampedInGridTest" />
    </UnitTest>
    <UnitTest name="getCellTest" storage="c:\users\seemullerj_info\desktop\diplome_es_2017\dev\prisonersdilemmaca\prisonersdilemmacatests\bin\debug\prisonersdilemmacatests.dll" id="597ac1b7-2492-a36e-2ba5-049fefde28a0">
      <Execution id="59a2069e-94ed-4b44-81d7-3a7e712ce60d" />
      <TestMethod codeBase="C:\Users\SEEMULLERJ_INFO\Desktop\DIPLOME_ES_2017\dev\PrisonersDilemmaCA\PrisonersDilemmaCATests\bin\Debug\PrisonersDilemmaCATests.dll" adapterTypeName="Microsoft.VisualStudio.TestTools.TestTypes.Unit.UnitTestAdapter" className="PrisonersDilemmaCA.Tests.GridTests" name="getCellTest" />
    </UnitTest>
    <UnitTest name="findCellNeighborsTest" storage="c:\users\seemullerj_info\desktop\diplome_es_2017\dev\prisonersdilemmaca\prisonersdilemmacatests\bin\debug\prisonersdilemmacatests.dll" id="35aeb0a3-1d7e-a0a1-0004-9ab598c1f1a1">
      <Execution id="1b2bbd53-255f-4606-92c8-8c95ec055778" />
      <TestMethod codeBase="C:\Users\SEEMULLERJ_INFO\Desktop\DIPLOME_ES_2017\dev\PrisonersDilemmaCA\PrisonersDilemmaCATests\bin\Debug\PrisonersDilemmaCATests.dll" adapterTypeName="Microsoft.VisualStudio.TestTools.TestTypes.Unit.UnitTestAdapter" className="PrisonersDilemmaCA.Tests.GridTests" name="findCellNeighborsTest" />
    </UnitTest>
    <UnitTest name="DesignatedConstructorTest" storage="c:\users\seemullerj_info\desktop\diplome_es_2017\dev\prisonersdilemmaca\prisonersdilemmacatests\bin\debug\prisonersdilemmacatests.dll" id="2cf2ae5b-9053-0fed-9e16-8387720eeb93">
      <Execution id="ae0e8195-0a1d-46df-a140-016b324d07de" />
      <TestMethod codeBase="C:\Users\SEEMULLERJ_INFO\Desktop\DIPLOME_ES_2017\dev\PrisonersDilemmaCA\PrisonersDilemmaCATests\bin\Debug\PrisonersDilemmaCATests.dll" adapterTypeName="Microsoft.VisualStudio.TestTools.TestTypes.Unit.UnitTestAdapter" className="PrisonersDilemmaCA.Tests.PayoffMatrixTests" name="DesignatedConstructorTest" />
    </UnitTest>
    <UnitTest name="returnPayoffTest" storage="c:\users\seemullerj_info\desktop\diplome_es_2017\dev\prisonersdilemmaca\prisonersdilemmacatests\bin\debug\prisonersdilemmacatests.dll" id="9b48b709-bf92-cd89-73d6-ceb5d87abaa8">
      <Execution id="1cde6bd0-29fc-44a3-ab43-18790a42710a" />
      <TestMethod codeBase="C:\Users\SEEMULLERJ_INFO\Desktop\DIPLOME_ES_2017\dev\PrisonersDilemmaCA\PrisonersDilemmaCATests\bin\Debug\PrisonersDilemmaCATests.dll" adapterTypeName="Microsoft.VisualStudio.TestTools.TestTypes.Unit.UnitTestAdapter" className="PrisonersDilemmaCA.Tests.PayoffMatrixTests" name="returnPayoffTest" />
    </UnitTest>
    <UnitTest name="isValidStaticTest" storage="c:\users\seemullerj_info\desktop\diplome_es_2017\dev\prisonersdilemmaca\prisonersdilemmacatests\bin\debug\prisonersdilemmacatests.dll" id="1ba16a26-5bc1-3fb3-3b9c-390b24dc3156">
      <Execution id="0e37096c-75c3-4ee7-8d97-7691de8b08e0" />
      <TestMethod codeBase="C:\Users\SEEMULLERJ_INFO\Desktop\DIPLOME_ES_2017\dev\PrisonersDilemmaCA\PrisonersDilemmaCATests\bin\Debug\PrisonersDilemmaCATests.dll" adapterTypeName="Microsoft.VisualStudio.TestTools.TestTypes.Unit.UnitTestAdapter" className="PrisonersDilemmaCA.Tests.PayoffMatrixTests" name="isValidStaticTest" />
    </UnitTest>
    <UnitTest name="isValidConvenianceTest" storage="c:\users\seemullerj_info\desktop\diplome_es_2017\dev\prisonersdilemmaca\prisonersdilemmacatests\bin\debug\prisonersdilemmacatests.dll" id="a2a7232e-d6c5-96cc-b224-c7e3bbe88f2d">
      <Execution id="fa0554cd-297e-479f-9c89-defbdbdbf687" />
      <TestMethod codeBase="C:\Users\SEEMULLERJ_INFO\Desktop\DIPLOME_ES_2017\dev\PrisonersDilemmaCA\PrisonersDilemmaCATests\bin\Debug\PrisonersDilemmaCATests.dll" adapterTypeName="Microsoft.VisualStudio.TestTools.TestTypes.Unit.UnitTestAdapter" className="PrisonersDilemmaCA.Tests.PayoffMatrixTests" name="isValidConvenianceTest" />
    </UnitTest>
    <UnitTest name="chooseMoveTest" storage="c:\users\seemullerj_info\desktop\diplome_es_2017\dev\prisonersdilemmaca\prisonersdilemmacatests\bin\debug\prisonersdilemmacatests.dll" id="7977ea2e-0351-f532-d1f1-40b01327fe54">
      <Execution id="c00f519d-6e1c-4156-aad5-e9c650e711ef" />
      <TestMethod codeBase="C:\Users\SEEMULLERJ_INFO\Desktop\DIPLOME_ES_2017\dev\PrisonersDilemmaCA\PrisonersDilemmaCATests\bin\Debug\PrisonersDilemmaCATests.dll" adapterTypeName="Microsoft.VisualStudio.TestTools.TestTypes.Unit.UnitTestAdapter" className="PrisonersDilemmaCA.Tests.StratAlwaysCooperateTests" name="chooseMoveTest" />
    </UnitTest>
    <UnitTest name="chooseMoveTest" storage="c:\users\seemullerj_info\desktop\diplome_es_2017\dev\prisonersdilemmaca\prisonersdilemmacatests\bin\debug\prisonersdilemmacatests.dll" id="fbf0eafc-0cbf-4bf8-1528-f83711ec3f18">
      <Execution id="8c5bdd56-e375-4adc-a2ba-c791d5dc6930" />
      <TestMethod codeBase="C:\Users\SEEMULLERJ_INFO\Desktop\DIPLOME_ES_2017\dev\PrisonersDilemmaCA\PrisonersDilemmaCATests\bin\Debug\PrisonersDilemmaCATests.dll" adapterTypeName="Microsoft.VisualStudio.TestTools.TestTypes.Unit.UnitTestAdapter" className="PrisonersDilemmaCA.Tests.StratAlwaysDefectTests" name="chooseMoveTest" />
    </UnitTest>
    <UnitTest name="chooseMoveTest" storage="c:\users\seemullerj_info\desktop\diplome_es_2017\dev\prisonersdilemmaca\prisonersdilemmacatests\bin\debug\prisonersdilemmacatests.dll" id="07d88514-a16e-4bd7-0341-c39d745a6b3d">
      <Execution id="3010c50e-f654-4c03-8d83-33fb2f6fa6b6" />
      <TestMethod codeBase="C:\Users\SEEMULLERJ_INFO\Desktop\DIPLOME_ES_2017\dev\PrisonersDilemmaCA\PrisonersDilemmaCATests\bin\Debug\PrisonersDilemmaCATests.dll" adapterTypeName="Microsoft.VisualStudio.TestTools.TestTypes.Unit.UnitTestAdapter" className="PrisonersDilemmaCA.Tests.StratBlinkerTests" name="chooseMoveTest" />
    </UnitTest>
    <UnitTest name="chooseMoveTest" storage="c:\users\seemullerj_info\desktop\diplome_es_2017\dev\prisonersdilemmaca\prisonersdilemmacatests\bin\debug\prisonersdilemmacatests.dll" id="d7abf1bb-9d54-0c92-59d2-f1ee5f850406">
      <Execution id="a9278c6d-49cd-41d4-8a9a-5f8508f06a8b" />
      <TestMethod codeBase="C:\Users\SEEMULLERJ_INFO\Desktop\DIPLOME_ES_2017\dev\PrisonersDilemmaCA\PrisonersDilemmaCATests\bin\Debug\PrisonersDilemmaCATests.dll" adapterTypeName="Microsoft.VisualStudio.TestTools.TestTypes.Unit.UnitTestAdapter" className="PrisonersDilemmaCA.Tests.StratGrimTriggerTests" name="chooseMoveTest" />
    </UnitTest>
    <UnitTest name="chooseMoveTest" storage="c:\users\seemullerj_info\desktop\diplome_es_2017\dev\prisonersdilemmaca\prisonersdilemmacatests\bin\debug\prisonersdilemmacatests.dll" id="551f0303-a5d3-44e2-c92d-74d131403155">
      <Execution id="228125c7-931a-434d-acd4-08d070821ff5" />
      <TestMethod codeBase="C:\Users\SEEMULLERJ_INFO\Desktop\DIPLOME_ES_2017\dev\PrisonersDilemmaCA\PrisonersDilemmaCATests\bin\Debug\PrisonersDilemmaCATests.dll" adapterTypeName="Microsoft.VisualStudio.TestTools.TestTypes.Unit.UnitTestAdapter" className="PrisonersDilemmaCA.Tests.StratRandomTests" name="chooseMoveTest" />
    </UnitTest>
    <UnitTest name="chooseMoveTest" storage="c:\users\seemullerj_info\desktop\diplome_es_2017\dev\prisonersdilemmaca\prisonersdilemmacatests\bin\debug\prisonersdilemmacatests.dll" id="62e723a9-3054-a7d7-b863-2aa8fea91d02">
      <Execution id="c8b1f732-9f78-451a-aac3-5aefc37fb8cf" />
      <TestMethod codeBase="C:\Users\SEEMULLERJ_INFO\Desktop\DIPLOME_ES_2017\dev\PrisonersDilemmaCA\PrisonersDilemmaCATests\bin\Debug\PrisonersDilemmaCATests.dll" adapterTypeName="Microsoft.VisualStudio.TestTools.TestTypes.Unit.UnitTestAdapter" className="PrisonersDilemmaCA.Tests.StratReverseTitForTatTests" name="chooseMoveTest" />
    </UnitTest>
    <UnitTest name="chooseMoveTest" storage="c:\users\seemullerj_info\desktop\diplome_es_2017\dev\prisonersdilemmaca\prisonersdilemmacatests\bin\debug\prisonersdilemmacatests.dll" id="5bb6ce96-1b35-99bc-fd3d-a5d890a14b42">
      <Execution id="08f1bfcc-968c-492b-9030-92d709d084b2" />
      <TestMethod codeBase="C:\Users\SEEMULLERJ_INFO\Desktop\DIPLOME_ES_2017\dev\PrisonersDilemmaCA\PrisonersDilemmaCATests\bin\Debug\PrisonersDilemmaCATests.dll" adapterTypeName="Microsoft.VisualStudio.TestTools.TestTypes.Unit.UnitTestAdapter" className="PrisonersDilemmaCA.Tests.StratTitForTatTests" name="chooseMoveTest" />
    </UnitTest>
    <UnitTest name="chooseMoveTest" storage="c:\users\seemullerj_info\desktop\diplome_es_2017\dev\prisonersdilemmaca\prisonersdilemmacatests\bin\debug\prisonersdilemmacatests.dll" id="a8ba2359-6f8c-71c9-2264-a7a9d98284bc">
      <Execution id="dbf4c548-a190-4aae-9e58-919ba1e625ef" />
      <TestMethod codeBase="C:\Users\SEEMULLERJ_INFO\Desktop\DIPLOME_ES_2017\dev\PrisonersDilemmaCA\PrisonersDilemmaCATests\bin\Debug\PrisonersDilemmaCATests.dll" adapterTypeName="Microsoft.VisualStudio.TestTools.TestTypes.Unit.UnitTestAdapter" className="PrisonersDilemmaCA.Tests.StratTitForTwoTatsTests" name="chooseMoveTest" />
    </UnitTest>
  </TestDefinitions>
  <TestEntries>
    <TestEntry testId="df090eae-9e5d-04d5-dec5-71e896e297d8" executionId="98ce0e74-6f3a-47c8-86bd-194a93aa34e8" testListId="8c84fa94-04c1-424b-9868-57a2d4851a1d" />
    <TestEntry testId="6c285e1f-012b-346b-9c9f-5a1a2522192f" executionId="c1ae2649-dee3-49f3-ad3d-c4550687e11b" testListId="8c84fa94-04c1-424b-9868-57a2d4851a1d" />
    <TestEntry testId="925ee2e8-6c08-0b1e-d301-e6cbc19c2d23" executionId="42b2ad94-59a8-4d8a-8d76-49645995bbd6" testListId="8c84fa94-04c1-424b-9868-57a2d4851a1d" />
    <TestEntry testId="869b4d5f-87a7-8d15-89a8-7dda664862d3" executionId="ad52cc12-0483-416f-a72c-2b96f70f2ce5" testListId="8c84fa94-04c1-424b-9868-57a2d4851a1d" />
    <TestEntry testId="22505af1-dd45-a49f-bfe7-80e8e8909aff" executionId="32bf91a6-3b4e-4982-bfe1-2653ead36500" testListId="8c84fa94-04c1-424b-9868-57a2d4851a1d" />
    <TestEntry testId="12bb16a3-ab34-b1bc-5f40-28311aba3e3c" executionId="20aa5cf5-8e5a-4e94-adbd-9cf6956c5095" testListId="8c84fa94-04c1-424b-9868-57a2d4851a1d" />
    <TestEntry testId="f5802a2e-04d4-f1f5-acfe-2092a218c439" executionId="9807bce1-d12f-408d-b979-52fab2bb73fc" testListId="8c84fa94-04c1-424b-9868-57a2d4851a1d" />
    <TestEntry testId="cb2578cd-7702-98c8-5b80-bbf50b5bfeee" executionId="bff76698-b7ae-4f8f-844a-cd041697f5ee" testListId="8c84fa94-04c1-424b-9868-57a2d4851a1d" />
    <TestEntry testId="e83b4fa6-9ff3-b307-6b34-de3cc6cdbcd4" executionId="885222d0-b051-4a2b-9f92-fd42fc3613ae" testListId="8c84fa94-04c1-424b-9868-57a2d4851a1d" />
    <TestEntry testId="9dcfac65-db83-3c3b-1ad4-b2bda5833892" executionId="927486c4-3bf7-42c0-a0a7-f05edb9b8622" testListId="8c84fa94-04c1-424b-9868-57a2d4851a1d" />
    <TestEntry testId="0e66901a-9ea6-c526-fedf-2657d429896d" executionId="2be3f232-f147-4a2d-8190-db2f603095d2" testListId="8c84fa94-04c1-424b-9868-57a2d4851a1d" />
    <TestEntry testId="47093434-7773-7204-893e-9fcd737bceea" executionId="f6625739-2f90-46eb-b19f-1f061a801f94" testListId="8c84fa94-04c1-424b-9868-57a2d4851a1d" />
    <TestEntry testId="597ac1b7-2492-a36e-2ba5-049fefde28a0" executionId="59a2069e-94ed-4b44-81d7-3a7e712ce60d" testListId="8c84fa94-04c1-424b-9868-57a2d4851a1d" />
    <TestEntry testId="35aeb0a3-1d7e-a0a1-0004-9ab598c1f1a1" executionId="1b2bbd53-255f-4606-92c8-8c95ec055778" testListId="8c84fa94-04c1-424b-9868-57a2d4851a1d" />
    <TestEntry testId="2cf2ae5b-9053-0fed-9e16-8387720eeb93" executionId="ae0e8195-0a1d-46df-a140-016b324d07de" testListId="8c84fa94-04c1-424b-9868-57a2d4851a1d" />
    <TestEntry testId="9b48b709-bf92-cd89-73d6-ceb5d87abaa8" executionId="1cde6bd0-29fc-44a3-ab43-18790a42710a" testListId="8c84fa94-04c1-424b-9868-57a2d4851a1d" />
    <TestEntry testId="1ba16a26-5bc1-3fb3-3b9c-390b24dc3156" executionId="0e37096c-75c3-4ee7-8d97-7691de8b08e0" testListId="8c84fa94-04c1-424b-9868-57a2d4851a1d" />
    <TestEntry testId="a2a7232e-d6c5-96cc-b224-c7e3bbe88f2d" executionId="fa0554cd-297e-479f-9c89-defbdbdbf687" testListId="8c84fa94-04c1-424b-9868-57a2d4851a1d" />
    <TestEntry testId="7977ea2e-0351-f532-d1f1-40b01327fe54" executionId="c00f519d-6e1c-4156-aad5-e9c650e711ef" testListId="8c84fa94-04c1-424b-9868-57a2d4851a1d" />
    <TestEntry testId="fbf0eafc-0cbf-4bf8-1528-f83711ec3f18" executionId="8c5bdd56-e375-4adc-a2ba-c791d5dc6930" testListId="8c84fa94-04c1-424b-9868-57a2d4851a1d" />
    <TestEntry testId="07d88514-a16e-4bd7-0341-c39d745a6b3d" executionId="3010c50e-f654-4c03-8d83-33fb2f6fa6b6" testListId="8c84fa94-04c1-424b-9868-57a2d4851a1d" />
    <TestEntry testId="d7abf1bb-9d54-0c92-59d2-f1ee5f850406" executionId="a9278c6d-49cd-41d4-8a9a-5f8508f06a8b" testListId="8c84fa94-04c1-424b-9868-57a2d4851a1d" />
    <TestEntry testId="551f0303-a5d3-44e2-c92d-74d131403155" executionId="228125c7-931a-434d-acd4-08d070821ff5" testListId="8c84fa94-04c1-424b-9868-57a2d4851a1d" />
    <TestEntry testId="62e723a9-3054-a7d7-b863-2aa8fea91d02" executionId="c8b1f732-9f78-451a-aac3-5aefc37fb8cf" testListId="8c84fa94-04c1-424b-9868-57a2d4851a1d" />
    <TestEntry testId="5bb6ce96-1b35-99bc-fd3d-a5d890a14b42" executionId="08f1bfcc-968c-492b-9030-92d709d084b2" testListId="8c84fa94-04c1-424b-9868-57a2d4851a1d" />
    <TestEntry testId="a8ba2359-6f8c-71c9-2264-a7a9d98284bc" executionId="dbf4c548-a190-4aae-9e58-919ba1e625ef" testListId="8c84fa94-04c1-424b-9868-57a2d4851a1d" />
  </TestEntries>
  <TestLists>
    <TestList name="Les résultats ne figurent pas dans une liste" id="8c84fa94-04c1-424b-9868-57a2d4851a1d" />
    <TestList name="Tous les résultats chargés" id="19431567-8539-422a-85d7-44ee4e166bda" />
  </TestLists>
  <ResultSummary outcome="Completed">
    <Counters total="26" executed="26" passed="26" failed="0" error="0" timeout="0" aborted="0" inconclusive="0" passedButRunAborted="0" notRunnable="0" notExecuted="0" disconnected="0" warning="0" completed="0" inProgress="0" pending="0" />
  </ResultSummary>
</TestRun>